  NMR Properties for atom Cl1
  ================================

    Isotropic shielding:     725.1909

  NMR Properties for atom C2
  ================================

    Isotropic shielding:     52.0531

  NMR Properties for atom C3
  ================================

    Isotropic shielding:     67.7131

  NMR Properties for atom C4
  ================================

    Isotropic shielding:     66.5826

  NMR Properties for atom C5
  ================================

    Isotropic shielding:     60.5563

  NMR Properties for atom C6
  ================================

    Isotropic shielding:     40.5692

  NMR Properties for atom C7
  ================================

    Isotropic shielding:     145.1832

  NMR Properties for atom N8
  ================================

    Isotropic shielding:     52.8246

  NMR Properties for atom C9
  ================================

    Isotropic shielding:     67.2871

  NMR Properties for atom C10
  ================================

    Isotropic shielding:     75.0134

  NMR Properties for atom C11
  ================================

    Isotropic shielding:     181.2012

  NMR Properties for atom C12
  ================================

    Isotropic shielding:     58.0842

  NMR Properties for atom N13
  ================================

    Isotropic shielding:     -42.8117

  NMR Properties for atom N14
  ================================

    Isotropic shielding:     -119.7226

  NMR Properties for atom O15
  ================================

    Isotropic shielding:     125.1951

  NMR Properties for atom C16
  ================================

    Isotropic shielding:     130.3561

  NMR Properties for atom C17
  ================================

    Isotropic shielding:     69.3314

  NMR Properties for atom C18
  ================================

    Isotropic shielding:     68.1606

  NMR Properties for atom H19
  ================================

    Isotropic shielding:     24.361

  NMR Properties for atom H20
  ================================

    Isotropic shielding:     23.2717

  NMR Properties for atom H21
  ================================

    Isotropic shielding:     26.1014

  NMR Properties for atom H22
  ================================

    Isotropic shielding:     27.1938

  NMR Properties for atom H23
  ================================

    Isotropic shielding:     23.9358

  NMR Properties for atom H24
  ================================

    Isotropic shielding:     29.7202

  NMR Properties for atom H25
  ================================

    Isotropic shielding:     29.731

  NMR Properties for atom H26
  ================================

    Isotropic shielding:     29.8588

  NMR Properties for atom H27
  ================================

    Isotropic shielding:     24.4461

  NMR Properties for atom H28
  ================================

    Isotropic shielding:     27.5591

  NMR Properties for atom H29
  ================================

    Isotropic shielding:     27.6119

  NMR Properties for atom H30
  ================================

    Isotropic shielding:     27.4846

  NMR Properties for atom H31
  ================================

    Isotropic shielding:     23.756

  NMR Properties for atom H32
  ================================

    Isotropic shielding:     24.4308

