  NMR Properties for atom Cl1
  ================================

    Isotropic shielding:     720.2844

  NMR Properties for atom C2
  ================================

    Isotropic shielding:     52.1827

  NMR Properties for atom C3
  ================================

    Isotropic shielding:     68.433

  NMR Properties for atom C4
  ================================

    Isotropic shielding:     65.7726

  NMR Properties for atom C5
  ================================

    Isotropic shielding:     66.8511

  NMR Properties for atom C6
  ================================

    Isotropic shielding:     42.2965

  NMR Properties for atom C7
  ================================

    Isotropic shielding:     135.9479

  NMR Properties for atom N8
  ================================

    Isotropic shielding:     53.9487

  NMR Properties for atom C9
  ================================

    Isotropic shielding:     68.9527

  NMR Properties for atom C10
  ================================

    Isotropic shielding:     74.7594

  NMR Properties for atom C11
  ================================

    Isotropic shielding:     181.286

  NMR Properties for atom C12
  ================================

    Isotropic shielding:     58.1784

  NMR Properties for atom N13
  ================================

    Isotropic shielding:     -47.4624

  NMR Properties for atom N14
  ================================

    Isotropic shielding:     -115.4894

  NMR Properties for atom C15
  ================================

    Isotropic shielding:     62.9938

  NMR Properties for atom C16
  ================================

    Isotropic shielding:     68.8175

  NMR Properties for atom O17
  ================================

    Isotropic shielding:     128.5926

  NMR Properties for atom C18
  ================================

    Isotropic shielding:     130.8007

  NMR Properties for atom H19
  ================================

    Isotropic shielding:     24.4774

  NMR Properties for atom H20
  ================================

    Isotropic shielding:     24.0571

  NMR Properties for atom H21
  ================================

    Isotropic shielding:     27.0203

  NMR Properties for atom H22
  ================================

    Isotropic shielding:     26.289

  NMR Properties for atom H23
  ================================

    Isotropic shielding:     24.5065

  NMR Properties for atom H24
  ================================

    Isotropic shielding:     29.9112

  NMR Properties for atom H25
  ================================

    Isotropic shielding:     30.0217

  NMR Properties for atom H26
  ================================

    Isotropic shielding:     29.8384

  NMR Properties for atom H27
  ================================

    Isotropic shielding:     24.6019

  NMR Properties for atom H28
  ================================

    Isotropic shielding:     23.4096

  NMR Properties for atom H29
  ================================

    Isotropic shielding:     24.4828

  NMR Properties for atom H30
  ================================

    Isotropic shielding:     27.8019

  NMR Properties for atom H31
  ================================

    Isotropic shielding:     27.8313

  NMR Properties for atom H32
  ================================

    Isotropic shielding:     27.6241

